exports[`test Matches latest snapshot 1`] = `
<div>
  <Form
    bsClass="form"
    className="Login-form"
    componentClass="form"
    horizontal={true}
    inline={false}>
    <FormGroup
      bsClass="form-group"
      controlId="username">
      <Col
        bsClass="col"
        componentClass="div"
        sm={2}>
        <ControlLabel
          bsClass="control-label"
          srOnly={false}>
          Username
        </ControlLabel>
      </Col>
      <Col
        bsClass="col"
        componentClass="div"
        sm={10}>
        <FormControl
          bsClass="form-control"
          componentClass="input"
          onChange={[Function]}
          type="text"
          value="" />
      </Col>
    </FormGroup>
    <FormGroup
      bsClass="form-group"
      controlId="password">
      <Col
        bsClass="col"
        componentClass="div"
        sm={2}>
        <ControlLabel
          bsClass="control-label"
          srOnly={false}>
          Password
        </ControlLabel>
      </Col>
      <Col
        bsClass="col"
        componentClass="div"
        sm={10}>
        <FormControl
          bsClass="form-control"
          componentClass="input"
          onChange={[Function]}
          type="text"
          value="" />
      </Col>
    </FormGroup>
    <Button
      active={false}
      block={false}
      bsClass="btn"
      bsStyle="primary"
      disabled={false}
      onClick={[Function]}
      type="submit">
      Login
    </Button>
  </Form>
</div>
`;
